2026-02-01 21:10:48,332 - INFO - === Aigentss Pulse Launcher Started ===
2026-02-01 21:10:48,332 - INFO - Working Directory: /Users/Rattio/rfid_rgb_app/aigents/2026/DevOps/MonitorVPS
2026-02-01 21:10:48,332 - INFO - Check Interval: 60s
2026-02-01 21:10:48,332 - INFO - Starting monitor.py...
2026-02-01 21:10:48,334 - INFO - monitor.py started with PID 36602
2026-02-01 21:10:51,340 - INFO - Starting Streamlit app.py...
2026-02-01 21:10:51,348 - INFO - Streamlit app.py started with PID 36610
2026-02-01 21:11:51,351 - WARNING - Streamlit app.py is not running! Restarting...
2026-02-01 21:11:51,351 - INFO - Starting Streamlit app.py...
2026-02-01 21:11:51,355 - INFO - Streamlit app.py started with PID 36641
2026-02-01 21:12:51,362 - WARNING - Streamlit app.py is not running! Restarting...
2026-02-01 21:12:51,363 - INFO - Starting Streamlit app.py...
2026-02-01 21:12:51,371 - INFO - Streamlit app.py started with PID 36697
2026-02-01 21:13:51,379 - WARNING - Streamlit app.py is not running! Restarting...
2026-02-01 21:13:51,383 - INFO - Starting Streamlit app.py...
2026-02-01 21:13:51,392 - INFO - Streamlit app.py started with PID 36725
2026-02-01 21:14:51,399 - WARNING - Streamlit app.py is not running! Restarting...
2026-02-01 21:14:51,401 - INFO - Starting Streamlit app.py...
2026-02-01 21:14:51,408 - INFO - Streamlit app.py started with PID 36873
2026-02-01 21:16:07,051 - INFO - Received signal 2. Shutting down...
2026-02-01 21:16:07,054 - INFO - Stopping all processes...
2026-02-01 21:16:07,072 - INFO - monitor stopped gracefully
2026-02-01 21:16:07,199 - INFO - streamlit stopped gracefully
2026-02-01 21:16:10,904 - INFO - === Aigentss Pulse Launcher Started ===
2026-02-01 21:16:10,906 - INFO - Working Directory: /Users/Rattio/rfid_rgb_app/aigents/2026/DevOps/MonitorVPS
2026-02-01 21:16:10,906 - INFO - Check Interval: 60s
2026-02-01 21:16:10,906 - INFO - Starting monitor.py...
2026-02-01 21:16:10,908 - INFO - monitor.py started with PID 36996
2026-02-01 21:16:13,912 - INFO - Starting Streamlit app.py...
2026-02-01 21:16:13,921 - INFO - Streamlit app.py started with PID 36999
2026-02-01 21:21:52,150 - INFO - Received signal 2. Shutting down...
2026-02-01 21:21:52,158 - INFO - Stopping all processes...
2026-02-01 21:21:52,176 - INFO - monitor stopped gracefully
2026-02-01 21:21:52,465 - INFO - streamlit stopped gracefully
2026-02-01 21:22:04,733 - INFO - === Aigentss Pulse Launcher Started ===
2026-02-01 21:22:04,733 - INFO - Working Directory: /Users/Rattio/rfid_rgb_app/aigents/2026/DevOps/MonitorVPS
2026-02-01 21:22:04,733 - INFO - Check Interval: 60s
2026-02-01 21:22:04,733 - INFO - Starting monitor.py...
2026-02-01 21:22:04,735 - INFO - monitor.py started with PID 37313
2026-02-01 21:22:07,737 - INFO - Starting Streamlit app.py...
2026-02-01 21:22:07,742 - INFO - Streamlit app.py started with PID 37324
2026-02-01 21:29:07,781 - WARNING - monitor.py is not running! Restarting...
2026-02-01 21:29:07,785 - INFO - Starting monitor.py...
2026-02-01 21:29:07,790 - INFO - monitor.py started with PID 37463
2026-02-01 21:29:07,790 - WARNING - Streamlit app.py is not running! Restarting...
2026-02-01 21:29:07,790 - INFO - Starting Streamlit app.py...
2026-02-01 21:29:07,794 - INFO - Streamlit app.py started with PID 37464
2026-02-01 21:30:07,799 - WARNING - Streamlit app.py is not running! Restarting...
2026-02-01 21:30:07,801 - INFO - Starting Streamlit app.py...
2026-02-01 21:30:07,808 - INFO - Streamlit app.py started with PID 37491
2026-02-01 21:31:07,811 - WARNING - Streamlit app.py is not running! Restarting...
2026-02-01 21:31:07,813 - INFO - Starting Streamlit app.py...
2026-02-01 21:31:07,819 - INFO - Streamlit app.py started with PID 37509
2026-02-01 21:32:07,826 - WARNING - Streamlit app.py is not running! Restarting...
2026-02-01 21:32:07,828 - INFO - Starting Streamlit app.py...
2026-02-01 21:32:07,836 - INFO - Streamlit app.py started with PID 37527
2026-02-01 21:32:54,427 - INFO - Received signal 15. Shutting down...
2026-02-01 21:32:54,428 - INFO - Stopping all processes...
2026-02-01 21:32:54,447 - INFO - monitor stopped gracefully
