2026-02-01 21:28:21,807 - INFO - === Aigentss Pulse Launcher Started ===
2026-02-01 21:28:21,807 - INFO - Working Directory: /Users/Rattio/rfid_rgb_app/aigents/2026/DevOps/MonitorVPS
2026-02-01 21:28:21,807 - INFO - Check Interval: 60s
2026-02-01 21:28:21,829 - INFO - Killing existing process: PID 37313 - /opt/homebrew/Cellar/python@3.14/3.14.2_1/Frameworks/Python.framework/Versions/3
2026-02-01 21:28:21,829 - INFO - Killing existing process: PID 37324 - /opt/homebrew/Cellar/python@3.14/3.14.2_1/Frameworks/Python.framework/Versions/3
2026-02-01 21:28:23,834 - INFO - Existing processes cleaned up.
2026-02-01 21:28:23,835 - INFO - Starting monitor.py...
2026-02-01 21:28:23,840 - INFO - monitor.py started with PID 37440 (logs: /Users/Rattio/rfid_rgb_app/aigents/2026/DevOps/MonitorVPS/logs/monitor.log)
2026-02-01 21:28:26,846 - INFO - Starting Streamlit app.py...
2026-02-01 21:28:26,848 - INFO - Streamlit app.py started with PID 37445 (logs: /Users/Rattio/rfid_rgb_app/aigents/2026/DevOps/MonitorVPS/logs/streamlit.log)
2026-02-01 21:32:54,427 - INFO - Received signal 15. Shutting down...
2026-02-01 21:32:54,427 - INFO - Stopping all processes...
2026-02-01 21:32:54,428 - INFO - Stopping monitor (PID 37440)...
2026-02-01 21:32:54,446 - INFO - monitor stopped gracefully
2026-02-01 21:32:54,446 - INFO - Stopping streamlit (PID 37445)...
2026-02-01 21:32:55,002 - INFO - streamlit stopped gracefully
2026-02-01 21:33:53,692 - INFO - === Aigentss Pulse Launcher Started ===
2026-02-01 21:33:53,692 - INFO - Working Directory: /Users/Rattio/rfid_rgb_app/aigents/2026/DevOps/MonitorVPS
2026-02-01 21:33:53,692 - INFO - Check Interval: 60s
2026-02-01 21:33:53,718 - INFO - Starting monitor.py...
2026-02-01 21:33:53,720 - INFO - monitor.py started with PID 37647 (logs: /Users/Rattio/rfid_rgb_app/aigents/2026/DevOps/MonitorVPS/logs/monitor.log)
2026-02-01 21:33:58,726 - INFO - Starting Streamlit app.py...
2026-02-01 21:33:58,734 - INFO - Streamlit app.py started with PID 37652 (logs: /Users/Rattio/rfid_rgb_app/aigents/2026/DevOps/MonitorVPS/logs/streamlit.log)
2026-02-01 22:00:11,855 - INFO - Received signal 15. Shutting down...
2026-02-01 22:00:11,856 - INFO - Stopping all processes...
2026-02-01 22:00:11,857 - INFO - Stopping monitor (PID 37647)...
2026-02-01 22:00:11,875 - INFO - monitor stopped gracefully
2026-02-01 22:00:11,875 - INFO - Stopping streamlit (PID 37652)...
2026-02-01 22:00:12,586 - INFO - streamlit stopped gracefully
2026-02-01 22:02:28,807 - INFO - === Aigentss Pulse Launcher Started ===
2026-02-01 22:02:28,807 - INFO - Working Directory: /Users/Rattio/rfid_rgb_app/aigents/2026/DevOps/MonitorVPS
2026-02-01 22:02:28,807 - INFO - Check Interval: 60s
2026-02-01 22:02:28,831 - INFO - Starting monitor.py...
2026-02-01 22:02:28,833 - INFO - monitor.py started with PID 38188 (logs: /Users/Rattio/rfid_rgb_app/aigents/2026/DevOps/MonitorVPS/logs/monitor.log)
2026-02-01 22:02:33,835 - INFO - Starting Streamlit app.py...
2026-02-01 22:02:33,838 - INFO - Streamlit app.py started with PID 38197 (logs: /Users/Rattio/rfid_rgb_app/aigents/2026/DevOps/MonitorVPS/logs/streamlit.log)
2026-02-01 22:19:09,158 - INFO - Received signal 15. Shutting down...
2026-02-01 22:19:09,159 - INFO - Stopping all processes...
2026-02-01 22:19:09,159 - INFO - Stopping monitor (PID 38188)...
2026-02-01 22:19:09,168 - INFO - monitor stopped gracefully
2026-02-01 22:19:09,168 - INFO - Stopping streamlit (PID 38197)...
2026-02-01 22:19:09,612 - INFO - streamlit stopped gracefully
2026-02-01 22:21:05,715 - INFO - === Aigentss Pulse Infinity Core Launcher Started ===
2026-02-01 22:21:05,735 - INFO - Starting monitor.py [Bypass Mode: 9100]...
2026-02-01 22:21:05,736 - INFO - monitor.py running with PID 38615
2026-02-01 22:21:05,736 - INFO - Waiting 5s for Core stabilization...
2026-02-01 22:21:10,739 - INFO - Starting Streamlit app.py [Evolution UI]...
2026-02-01 22:21:10,745 - INFO - Streamlit running with PID 38628
2026-02-01 22:44:50,659 - INFO - Signal 15 caught.
2026-02-01 22:44:50,660 - INFO - Shutting down infrastructure...
2026-02-01 22:44:50,660 - INFO - Stopping monitor (PID 38615)...
2026-02-01 22:44:50,669 - INFO - monitor exited.
2026-02-01 22:44:50,669 - INFO - Stopping streamlit (PID 38628)...
2026-02-01 22:44:51,228 - INFO - streamlit exited.
2026-02-01 22:46:27,517 - INFO - === Aigentss Pulse Infinity Core Launcher Started ===
2026-02-01 22:46:27,536 - INFO - Starting monitor.py [Bypass Mode: 9100]...
2026-02-01 22:46:27,537 - INFO - monitor.py running with PID 39202
2026-02-01 22:46:27,538 - INFO - Waiting 5s for Core stabilization...
2026-02-01 22:46:32,543 - INFO - Starting Streamlit app.py [Evolution UI]...
2026-02-01 22:46:32,546 - INFO - Streamlit running with PID 39206
2026-02-01 22:58:51,084 - INFO - Signal 15 caught.
2026-02-01 22:58:51,084 - INFO - Shutting down infrastructure...
2026-02-01 22:58:51,084 - INFO - Stopping monitor (PID 39202)...
2026-02-01 22:58:51,093 - INFO - monitor exited.
2026-02-01 22:58:51,093 - INFO - Stopping streamlit (PID 39206)...
2026-02-01 22:58:51,435 - INFO - streamlit exited.
2026-02-01 22:58:57,324 - INFO - === Aigentss Pulse Infinity Core Launcher Started ===
2026-02-01 22:58:57,343 - INFO - Starting monitor.py [Bypass Mode: 9100]...
2026-02-01 22:58:57,344 - INFO - monitor.py running with PID 39452
2026-02-01 22:58:57,344 - INFO - Waiting 5s for Core stabilization...
2026-02-01 22:59:02,350 - INFO - Starting Streamlit app.py [Evolution UI]...
2026-02-01 22:59:02,359 - INFO - Streamlit running with PID 39457
